// Jest Snapshot v1, https://goo.gl/fbAQLP

exports[`Login snapshot should render correctly 1`] = `
<div
  className="loginForm"
>
  <ul
    class="tab-group"
  >
    <li
      class="tab"
    />
    <li
      class="tab active"
    />
  </ul>
  <div
    class="tab-content"
  >
    <h1>
      Welcome Back
    </h1>
    <form
      onSubmit={[Function]}
    >
      <div
        class="field-wrap"
      >
        <div
          className="inputComponent"
        >
          <label
            htmlFor="LoginEmail"
          >
            Email ID
            <span
              className="req"
            >
              *
            </span>
          </label>
          <input
            autoComplete="off"
            id="LoginEmail"
            placeholder="example@mail.com"
            type="email"
          />
        </div>
      </div>
      <div
        class="field-wrap"
      >
        <div
          className="inputComponent"
        >
          <label
            htmlFor="LoginPassword"
          >
            Password
            <span
              className="req"
            >
              *
            </span>
          </label>
          <input
            autoComplete="off"
            id="LoginPassword"
            placeholder="Password"
            type="password"
          />
        </div>
      </div>
      <div
        className="buttonComponent"
      >
        <button
          className="button button-block"
          onClick={[Function]}
          type="submit"
        >
          Log In
        </button>
      </div>
    </form>
    <div
      id="login"
    />
  </div>
</div>
`;
