// Jest Snapshot v1, https://goo.gl/fbAQLP

exports[`HomePage snapshot should render correctly 1`] = `
Array [
  <nav
    className="pageHeader"
  >
    <div
      className="navLinks"
    >
      <a
        className="active"
        href="#home"
      >
        Home
      </a>
      <a
        href="#news"
      >
        News
      </a>
      <a
        href="#contact"
      >
        Contact
      </a>
      <a
        href="#about"
      >
        About
      </a>
      <img
        alt="hamburger menu"
        src="iconfinder_menu-alt_134216.svg"
      />
    </div>
  </nav>,
  <div
    className="hyperLink"
  />,
  <div
    className="pageFooter"
  >
    This is the footer section
  </div>,
]
`;
