// Jest Snapshot v1, https://goo.gl/fbAQLP

exports[`HomePage snapshot should render correctly 1`] = `
Array [
  <nav
    className="pageHeader"
  >
    <div
      className="navLinks"
    >
      <a
        className="active"
        href="#home"
      >
        Home
      </a>
      <a
        href="#news"
      >
        News
      </a>
      <a
        href="#contact"
      >
        Contact
      </a>
      <a
        href="#about"
      >
        About
      </a>
      <img
        alt="hamburger menu"
        src="iconfinder_menu-alt_134216.svg"
      />
    </div>
  </nav>,
  <div>
    <div
      className="loginForm"
    >
      <ul
        class="tab-group"
      >
        <li
          class="tab"
        />
        <li
          class="tab active"
        />
      </ul>
      <div
        class="tab-content"
      >
        <h1>
          Welcome Back
        </h1>
        <form>
          <div
            class="field-wrap"
          >
            <div
              className="inputComponent"
            >
              <label
                htmlFor="LoginEmail"
              >
                Email ID
                <span
                  className="req"
                >
                  *
                </span>
              </label>
              <input
                autoComplete="off"
                id="LoginEmail"
                placeholder="example@mail.com"
                type="email"
              />
            </div>
          </div>
          <div
            class="field-wrap"
          >
            <div
              className="inputComponent"
            >
              <label
                htmlFor="LoginPassword"
              >
                Password
                <span
                  className="req"
                >
                  *
                </span>
              </label>
              <input
                autoComplete="off"
                id="LoginPassword"
                placeholder="Password"
                type="password"
              />
            </div>
          </div>
          <div
            className="buttonComponent"
          >
            <button
              className="button button-block"
              type="submit"
            >
              Log In
            </button>
          </div>
        </form>
        <div
          id="login"
        />
      </div>
    </div>
  </div>,
  <footer
    className="pageFooter"
  >
    This is the footer section
  </footer>,
]
`;
